[16-10-2024 16:58:57.790 INFO com.nopcommerce.users.Level_14_Log4J] - User_01_Register - Step 01: Open Register Page
[16-10-2024 16:58:59.745 INFO com.nopcommerce.users.Level_14_Log4J] - User_01_Register - Step 02: Click To Male Radio
[16-10-2024 16:59:00.065 INFO com.nopcommerce.users.Level_14_Log4J] - User_01_Register - Step 03: Enter To First Name TextboxJohn
[16-10-2024 16:59:00.256 INFO com.nopcommerce.users.Level_14_Log4J] - User_01_Register - Step 04: Enter To Last Name TextboxWick
[16-10-2024 16:59:00.342 INFO com.nopcommerce.users.Level_14_Log4J] - User_01_Register - Step 05: Select Day Dropdown31
[16-10-2024 16:59:00.675 INFO com.nopcommerce.users.Level_14_Log4J] - User_01_Register - Step 06: Select Month DropdownJanuary
[16-10-2024 16:59:00.975 INFO com.nopcommerce.users.Level_14_Log4J] - User_01_Register - Step 07: Select Year Dropdown2002
[16-10-2024 16:59:01.293 INFO com.nopcommerce.users.Level_14_Log4J] - User_01_Register - Step 08: Enter To Email Textboxjohnwick612473@gmail.com
[16-10-2024 16:59:01.413 INFO com.nopcommerce.users.Level_14_Log4J] - User_01_Register - Step 09: Enter To Company TextboxJohn Wick Company
[16-10-2024 16:59:01.477 INFO com.nopcommerce.users.Level_14_Log4J] - User_01_Register - Step 10: Enter To Password Textbox123456789
[16-10-2024 16:59:01.537 INFO com.nopcommerce.users.Level_14_Log4J] - User_01_Register - Step 11: Enter To Confirm Password Textbox123456789
[16-10-2024 16:59:01.590 INFO com.nopcommerce.users.Level_14_Log4J] - User_01_Register - Step 12: Click To Register Button
[16-10-2024 16:59:02.425 INFO com.nopcommerce.users.Level_14_Log4J] - User_01_Register - Step 13: Verify Register Success Message
[16-10-2024 16:59:02.473 INFO com.nopcommerce.users.Level_14_Log4J] - User_02_Login - Step 01: Click To Logout Link
[16-10-2024 16:59:02.717 INFO com.nopcommerce.users.Level_14_Log4J] - User_02_Login - Step 02: Open Home Page
[16-10-2024 16:59:04.280 INFO com.nopcommerce.users.Level_14_Log4J] - User_02_Login - Step 03: Enter To Email Textboxjohnwick612473@gmail.com
[16-10-2024 16:59:04.644 INFO com.nopcommerce.users.Level_14_Log4J] - User_02_Login - Step 04: Verify My Account Link Displayed
[16-10-2024 16:59:04.698 INFO com.nopcommerce.users.Level_14_Log4J] - User_03_MyAccount - Step 01: Open Customer Info Page
[16-10-2024 16:59:05.736 INFO com.nopcommerce.users.Level_14_Log4J] - User_03_MyAccount - Step 02: Verify Gender Male Radio is selected
[16-10-2024 16:59:05.768 INFO com.nopcommerce.users.Level_14_Log4J] - User_03_MyAccount - Step 03: Verify First Name Textbox is displayedJohn
[16-10-2024 16:59:05.800 INFO com.nopcommerce.users.Level_14_Log4J] - User_03_MyAccount - Step 04: Verify Last Name Textbox is displayedWick
[16-10-2024 16:59:05.826 INFO com.nopcommerce.users.Level_14_Log4J] - User_03_MyAccount - Step 05: Verify Day Dropdown is displayed31
[16-10-2024 16:59:06.036 INFO com.nopcommerce.users.Level_14_Log4J] - User_03_MyAccount - Step 06: Verify Month Dropdown is displayedJanuary
[16-10-2024 16:59:06.092 INFO com.nopcommerce.users.Level_14_Log4J] - User_03_MyAccount - Step 07: Verify Year Dropdown is displayed2002
[16-10-2024 16:59:06.438 INFO com.nopcommerce.users.Level_14_Log4J] - User_03_MyAccount - Step 08: Verify Email Textbox is displayedjohnwick612473@gmail.com
[16-10-2024 16:59:06.462 INFO com.nopcommerce.users.Level_14_Log4J] - User_03_MyAccount - Step 09: Verify Company Textbox is displayedJohn Wick Company
[16-10-2024 16:59:06.487 INFO com.nopcommerce.users.Level_14_Log4J] - User_04_Swich_Page_With_Switch_Case - Step 01: Open Address Page
[16-10-2024 16:59:06.850 INFO com.nopcommerce.users.Level_14_Log4J] - User_04_Swich_Page_With_Switch_Case - Step 02: Open Reward Point Page
[16-10-2024 16:59:07.332 INFO com.nopcommerce.users.Level_14_Log4J] - User_04_Swich_Page_With_Switch_Case - Step 03: Open Order Page
[16-10-2024 16:59:08.013 INFO com.nopcommerce.users.Level_14_Log4J] - User_04_Swich_Page_With_Switch_Case - Step 04: Open Address Page
[16-10-2024 16:59:08.175 INFO com.nopcommerce.users.Level_14_Log4J] - User_04_Swich_Page_With_Switch_Case - Step 05: Open Customer Info Page
